// Jest Snapshot v1, https://goo.gl/fbAQLP

exports[`<TableBody  /> should match snapshot 1`] = `
<div
  class=" x-cls-table-body-cell "
/>
`;
