// Jest Snapshot v1, https://goo.gl/fbAQLP

exports[`<ReportingViewChart  /> should match snapshot 1`] = `
<div
  class=" x-cls-reporting-view-chart"
/>
`;
