// Jest Snapshot v1, https://goo.gl/fbAQLP

exports[`<Clickable  /> should match snapshot 1`] = `
<div
  class=" x-cls-clickable"
/>
`;
