// Jest Snapshot v1, https://goo.gl/fbAQLP

exports[`<TableHeader  /> should match snapshot 1`] = `
<div
  class=" x-cls-table-header"
/>
`;
